// Jest Snapshot v1, https://goo.gl/fbAQLP

exports[`The <StationTile/> component renders correctly 1`] = `[Function]`;
